setting=p40 run=1 extra='' start=2026-10-02T01:05:55Z
sha256:86341ba393797a76f061584f0f4879a9ba83c9a579b9063059454c0ac29bf835
WAKELINE_WS_MAX_CONN_PER_IP=1000
JAVA_TOOL_OPTIONS=-XX:+UseG1GC -XX:MaxRAMPercentage=40 -XX:+ExitOnOutOfMemoryError 
WAKELINE_PUBLIC_RATE_LIMIT_PER_MIN=1000000
WAKELINE_WS_MAX_CONN=1000
MALLOC_ARENA_MAX=2
container_started=2026-10-02T01:05:59.557756298Z
W 2026-10-02T01:06:10Z 2026-10-02T01:09:12Z
state global=10000 ships=15375
R 2026-10-02T01:09:12Z 2026-10-02T01:12:13Z
S 2026-10-02T01:12:23Z 2026-10-02T01:16:44Z
B 2026-10-02T01:16:54Z 2026-10-02T01:18:57Z
I 2026-10-02T01:18:57Z 2026-10-02T01:23:57Z
inspect restarts=0 oom_killed=false started=2026-10-02T01:05:59.557756298Z status=running
oom_lines 1
jvm_line Picked up JAVA_TOOL_OPTIONS: -XX:+UseG1GC -XX:MaxRAMPercentage=40 -XX:+ExitOnOutOfMemoryError 
gc jvm_gc_pause_seconds_count{action="end of minor GC",cause="G1 Evacuation Pause",gc="G1 Young Generation"} 484
gc jvm_gc_pause_seconds_sum{action="end of minor GC",cause="G1 Evacuation Pause",gc="G1 Young Generation"} 6.328
gc jvm_gc_pause_seconds_count{action="end of minor GC",cause="G1 Humongous Allocation",gc="G1 Young Generation"} 3
gc jvm_gc_pause_seconds_sum{action="end of minor GC",cause="G1 Humongous Allocation",gc="G1 Young Generation"} 0.021
end=2026-10-02T01:23:57Z
