setting=p30pgcf run=1 extra='-XX:MaxRAMPercentage=30 -XX:G1PeriodicGCInterval=15000 -XX:MinHeapFreeRatio=10 -XX:MaxHeapFreeRatio=30' start=2026-10-02T02:19:01Z
sha256:86341ba393797a76f061584f0f4879a9ba83c9a579b9063059454c0ac29bf835
WAKELINE_WS_MAX_CONN=1000
WAKELINE_PUBLIC_RATE_LIMIT_PER_MIN=1000000
JAVA_TOOL_OPTIONS=-XX:+UseG1GC -XX:MaxRAMPercentage=40 -XX:+ExitOnOutOfMemoryError -XX:MaxRAMPercentage=30 -XX:G1PeriodicGCInterval=15000 -XX:MinHeapFreeRatio=10 -XX:MaxHeapFreeRatio=30
WAKELINE_WS_MAX_CONN_PER_IP=1000
MALLOC_ARENA_MAX=2
container_started=2026-10-02T02:19:04.729507717Z
W 2026-10-02T02:19:15Z 2026-10-02T02:22:17Z
state global=10000 ships=15375
R 2026-10-02T02:22:17Z 2026-10-02T02:25:18Z
S 2026-10-02T02:25:28Z 2026-10-02T02:29:48Z
B 2026-10-02T02:29:58Z 2026-10-02T02:32:00Z
I 2026-10-02T02:32:00Z 2026-10-02T02:37:00Z
inspect restarts=0 oom_killed=false started=2026-10-02T02:19:04.729507717Z status=running
oom_lines 0
jvm_line Picked up JAVA_TOOL_OPTIONS: -XX:+UseG1GC -XX:MaxRAMPercentage=40 -XX:+ExitOnOutOfMemoryError -XX:MaxRAMPercentage=30 -XX:G1PeriodicGCInterval=15000 -XX:MinHeapFreeRatio=10 -XX:MaxHeapFreeRatio=30
gc jvm_gc_pause_seconds_count{action="end of major GC",cause="G1 Compaction Pause",gc="G1 Old Generation"} 1
gc jvm_gc_pause_seconds_sum{action="end of major GC",cause="G1 Compaction Pause",gc="G1 Old Generation"} 0.117
gc jvm_gc_pause_seconds_count{action="end of minor GC",cause="G1 Evacuation Pause",gc="G1 Young Generation"} 1963
gc jvm_gc_pause_seconds_sum{action="end of minor GC",cause="G1 Evacuation Pause",gc="G1 Young Generation"} 14.167
gc jvm_gc_pause_seconds_count{action="end of minor GC",cause="G1 Humongous Allocation",gc="G1 Young Generation"} 9
gc jvm_gc_pause_seconds_sum{action="end of minor GC",cause="G1 Humongous Allocation",gc="G1 Young Generation"} 0.031
gc jvm_gc_pause_seconds_count{action="end of minor GC",cause="G1 Periodic Collection",gc="G1 Young Generation"} 1
gc jvm_gc_pause_seconds_sum{action="end of minor GC",cause="G1 Periodic Collection",gc="G1 Young Generation"} 0.013
end=2026-10-02T02:37:00Z
