setting=p22 run=3 extra='-XX:MaxRAMPercentage=22' start=2026-10-02T06:12:39Z
sha256:86341ba393797a76f061584f0f4879a9ba83c9a579b9063059454c0ac29bf835
WAKELINE_PUBLIC_RATE_LIMIT_PER_MIN=1000000
WAKELINE_WS_MAX_CONN=1000
WAKELINE_WS_MAX_CONN_PER_IP=1000
JAVA_TOOL_OPTIONS=-XX:+UseG1GC -XX:MaxRAMPercentage=40 -XX:+ExitOnOutOfMemoryError -XX:MaxRAMPercentage=22
MALLOC_ARENA_MAX=2
container_started=2026-10-02T06:12:42.750845845Z
W 2026-10-02T06:12:53Z 2026-10-02T06:15:55Z
state global=10000 ships=15375
R 2026-10-02T06:15:55Z 2026-10-02T06:18:56Z
S 2026-10-02T06:19:06Z 2026-10-02T06:23:27Z
B 2026-10-02T06:23:37Z 2026-10-02T06:25:38Z
I 2026-10-02T06:25:38Z 2026-10-02T06:30:38Z
inspect restarts=0 oom_killed=false started=2026-10-02T06:12:42.750845845Z status=running
oom_lines 0
jvm_line Picked up JAVA_TOOL_OPTIONS: -XX:+UseG1GC -XX:MaxRAMPercentage=40 -XX:+ExitOnOutOfMemoryError -XX:MaxRAMPercentage=22
gc jvm_gc_pause_seconds_count{action="end of major GC",cause="G1 Compaction Pause",gc="G1 Old Generation"} 2
gc jvm_gc_pause_seconds_sum{action="end of major GC",cause="G1 Compaction Pause",gc="G1 Old Generation"} 0.221
gc jvm_gc_pause_seconds_count{action="end of minor GC",cause="G1 Evacuation Pause",gc="G1 Young Generation"} 735
gc jvm_gc_pause_seconds_sum{action="end of minor GC",cause="G1 Evacuation Pause",gc="G1 Young Generation"} 8.44
gc jvm_gc_pause_seconds_count{action="end of minor GC",cause="G1 Humongous Allocation",gc="G1 Young Generation"} 7
gc jvm_gc_pause_seconds_sum{action="end of minor GC",cause="G1 Humongous Allocation",gc="G1 Young Generation"} 0.054
warn   56 WARN d.wakeline.platform.web.ProblemAdvice    : could not get a DB connection path=/api/vN/stats
warn   49 WARN d.wakeline.platform.web.ProblemAdvice    : could not get a DB connection path=/api/vN/replay
warn   32 WARN d.wakeline.platform.web.ProblemAdvice    : could not get a DB connection path=/api/vN/ships
warn   27 WARN d.wakeline.platform.web.ProblemAdvice    : could not get a DB connection path=/api/vN/airports
warn   15 WARN d.wakeline.platform.web.ProblemAdvice    : could not get a DB connection path=/api/vN/aircraft
warn    8 WARN d.wakeline.platform.web.ProblemAdvice    : could not get a DB connection path=/api/vN/alerts
warn    1 WARN dev.wakeline.coverage.ShipCoverage       : ship coverage: memory cap reached (cells N / N, ship-cells N / N) — new cells or ships are not count
end=2026-10-02T06:30:38Z
