setting=p22 run=1 extra='-XX:MaxRAMPercentage=22' start=2026-10-02T02:37:00Z
sha256:86341ba393797a76f061584f0f4879a9ba83c9a579b9063059454c0ac29bf835
JAVA_TOOL_OPTIONS=-XX:+UseG1GC -XX:MaxRAMPercentage=40 -XX:+ExitOnOutOfMemoryError -XX:MaxRAMPercentage=22
WAKELINE_WS_MAX_CONN_PER_IP=1000
WAKELINE_PUBLIC_RATE_LIMIT_PER_MIN=1000000
WAKELINE_WS_MAX_CONN=1000
MALLOC_ARENA_MAX=2
container_started=2026-10-02T02:37:02.800102883Z
W 2026-10-02T02:37:13Z 2026-10-02T02:40:15Z
state global=10000 ships=15375
R 2026-10-02T02:40:15Z 2026-10-02T02:43:16Z
S 2026-10-02T02:43:26Z 2026-10-02T02:47:47Z
B 2026-10-02T02:47:57Z 2026-10-02T02:49:58Z
I 2026-10-02T02:49:58Z 2026-10-02T02:54:58Z
inspect restarts=0 oom_killed=false started=2026-10-02T02:37:02.800102883Z status=running
oom_lines 0
jvm_line Picked up JAVA_TOOL_OPTIONS: -XX:+UseG1GC -XX:MaxRAMPercentage=40 -XX:+ExitOnOutOfMemoryError -XX:MaxRAMPercentage=22
gc jvm_gc_pause_seconds_count{action="end of major GC",cause="G1 Compaction Pause",gc="G1 Old Generation"} 43
gc jvm_gc_pause_seconds_sum{action="end of major GC",cause="G1 Compaction Pause",gc="G1 Old Generation"} 4.462
gc jvm_gc_pause_seconds_count{action="end of minor GC",cause="G1 Evacuation Pause",gc="G1 Young Generation"} 1270
gc jvm_gc_pause_seconds_sum{action="end of minor GC",cause="G1 Evacuation Pause",gc="G1 Young Generation"} 12.711
gc jvm_gc_pause_seconds_count{action="end of minor GC",cause="G1 Humongous Allocation",gc="G1 Young Generation"} 5
gc jvm_gc_pause_seconds_sum{action="end of minor GC",cause="G1 Humongous Allocation",gc="G1 Young Generation"} 0.04
end=2026-10-02T02:54:58Z
