setting=p40pgc run=1 extra='-XX:G1PeriodicGCInterval=15000' start=2026-10-02T01:25:03Z
sha256:86341ba393797a76f061584f0f4879a9ba83c9a579b9063059454c0ac29bf835
WAKELINE_WS_MAX_CONN=1000
WAKELINE_PUBLIC_RATE_LIMIT_PER_MIN=1000000
WAKELINE_WS_MAX_CONN_PER_IP=1000
JAVA_TOOL_OPTIONS=-XX:+UseG1GC -XX:MaxRAMPercentage=40 -XX:+ExitOnOutOfMemoryError -XX:G1PeriodicGCInterval=15000
MALLOC_ARENA_MAX=2
container_started=2026-10-02T01:25:06.915992052Z
W 2026-10-02T01:25:17Z 2026-10-02T01:28:19Z
state global=10000 ships=15375
R 2026-10-02T01:28:19Z 2026-10-02T01:31:20Z
S 2026-10-02T01:31:30Z 2026-10-02T01:35:51Z
B 2026-10-02T01:36:01Z 2026-10-02T01:38:02Z
I 2026-10-02T01:38:02Z 2026-10-02T01:43:02Z
inspect restarts=0 oom_killed=false started=2026-10-02T01:25:06.915992052Z status=running
oom_lines 0
jvm_line Picked up JAVA_TOOL_OPTIONS: -XX:+UseG1GC -XX:MaxRAMPercentage=40 -XX:+ExitOnOutOfMemoryError -XX:G1PeriodicGCInterval=15000
gc jvm_gc_pause_seconds_count{action="end of minor GC",cause="G1 Evacuation Pause",gc="G1 Young Generation"} 527
gc jvm_gc_pause_seconds_sum{action="end of minor GC",cause="G1 Evacuation Pause",gc="G1 Young Generation"} 6.487
gc jvm_gc_pause_seconds_count{action="end of minor GC",cause="G1 Humongous Allocation",gc="G1 Young Generation"} 2
gc jvm_gc_pause_seconds_sum{action="end of minor GC",cause="G1 Humongous Allocation",gc="G1 Young Generation"} 0.011
gc jvm_gc_pause_seconds_count{action="end of minor GC",cause="G1 Periodic Collection",gc="G1 Young Generation"} 15
gc jvm_gc_pause_seconds_sum{action="end of minor GC",cause="G1 Periodic Collection",gc="G1 Young Generation"} 0.39
end=2026-10-02T01:43:02Z
