setting=p30pgcf run=3 extra='-XX:MaxRAMPercentage=30 -XX:G1PeriodicGCInterval=15000 -XX:MinHeapFreeRatio=10 -XX:MaxHeapFreeRatio=30' start=2026-10-02T05:54:40Z
sha256:86341ba393797a76f061584f0f4879a9ba83c9a579b9063059454c0ac29bf835
WAKELINE_PUBLIC_RATE_LIMIT_PER_MIN=1000000
JAVA_TOOL_OPTIONS=-XX:+UseG1GC -XX:MaxRAMPercentage=40 -XX:+ExitOnOutOfMemoryError -XX:MaxRAMPercentage=30 -XX:G1PeriodicGCInterval=15000 -XX:MinHeapFreeRatio=10 -XX:MaxHeapFreeRatio=30
WAKELINE_WS_MAX_CONN=1000
WAKELINE_WS_MAX_CONN_PER_IP=1000
MALLOC_ARENA_MAX=2
container_started=2026-10-02T05:54:43.770673679Z
W 2026-10-02T05:54:54Z 2026-10-02T05:57:56Z
state global=10000 ships=15375
R 2026-10-02T05:57:56Z 2026-10-02T06:00:57Z
S 2026-10-02T06:01:07Z 2026-10-02T06:05:27Z
B 2026-10-02T06:05:37Z 2026-10-02T06:07:39Z
I 2026-10-02T06:07:39Z 2026-10-02T06:12:39Z
inspect restarts=0 oom_killed=false started=2026-10-02T05:54:43.770673679Z status=running
oom_lines 0
jvm_line Picked up JAVA_TOOL_OPTIONS: -XX:+UseG1GC -XX:MaxRAMPercentage=40 -XX:+ExitOnOutOfMemoryError -XX:MaxRAMPercentage=30 -XX:G1PeriodicGCInterval=15000 -XX:MinHeapFreeRatio=10 -XX:MaxHeapFreeRatio=30
gc jvm_gc_pause_seconds_count{action="end of major GC",cause="G1 Compaction Pause",gc="G1 Old Generation"} 1
gc jvm_gc_pause_seconds_sum{action="end of major GC",cause="G1 Compaction Pause",gc="G1 Old Generation"} 0.125
gc jvm_gc_pause_seconds_count{action="end of minor GC",cause="G1 Evacuation Pause",gc="G1 Young Generation"} 1625
gc jvm_gc_pause_seconds_sum{action="end of minor GC",cause="G1 Evacuation Pause",gc="G1 Young Generation"} 15.835
gc jvm_gc_pause_seconds_count{action="end of minor GC",cause="G1 Humongous Allocation",gc="G1 Young Generation"} 3
gc jvm_gc_pause_seconds_sum{action="end of minor GC",cause="G1 Humongous Allocation",gc="G1 Young Generation"} 0.012
warn  655 WARN d.wakeline.platform.web.ProblemAdvice    : could not get a DB connection path=/api/vN/stats
warn  414 WARN d.wakeline.platform.web.ProblemAdvice    : could not get a DB connection path=/api/vN/replay
warn  375 WARN d.wakeline.platform.web.ProblemAdvice    : could not get a DB connection path=/api/vN/ships
warn  246 WARN d.wakeline.platform.web.ProblemAdvice    : could not get a DB connection path=/api/vN/airports
warn  159 WARN d.wakeline.platform.web.ProblemAdvice    : could not get a DB connection path=/api/vN/aircraft
warn  103 WARN d.wakeline.platform.web.ProblemAdvice    : could not get a DB connection path=/api/vN/alerts
warn    2 WARN dev.wakeline.coverage.ShipCoverage       : ship coverage: memory cap reached (cells N / N, ship-cells N / N) — new cells or ships are not count
end=2026-10-02T06:12:39Z
